--- Reverse Geocode Result ---
{
    "Address": "10, Khodiyar Nagar, Ahmedabad 380038, India",
    "City": "Ahmedabad",
    "District": "Khodiyar Nagar",
    "State": "Gujarat",
    "PostalCode": "380038",
    "Country": "India"
}
--- Verify Address Result ---
{
    "Address": "Sardar Patel Ring Road, Vastral, Ahmedabad 382418, India",
    "City": "Ahmedabad",
    "District": "Vastral",
    "State": "Gujarat",
    "PostalCode": "382418",
    "Country": "India"
}
Warning: Failed to initialize AWS clients. Ensure credentials are set. Error: Required parameter name not set
Starting tests for cognitive_dispatcher route (api/route)...

--- Testing with GPS Coordinates ---
[Cognitive Dispatcher] Processing routing request: lat=19.076 lng=72.8777 state=None city=None address=None
[Location Service] Using Reverse Geocoding...
[Bedrock Nova Pro] Determining portal for: {'Address': '307 Bharat Ratna DR B R Ambedkar Road, Hallow Pul-Jai Ambika Nagar, Kurla West, Mumbai 400070, India', 'City': 'Mumbai', 'District': 'Kurla West', 'State': 'Maharashtra', 'PostalCode': '400070', 'Country': 'India'}
Status Code: 200
Response Body:
{
  "structured_address": {
    "Address": "307 Bharat Ratna DR B R Ambedkar Road, Hallow Pul-Jai Ambika Nagar, Kurla West, Mumbai 400070, India",
    "City": "Mumbai",
    "District": "Kurla West",
    "State": "Maharashtra",
    "PostalCode": "400070",
    "Country": "India"
  },
  "routing": {
    "portal_name": "MUMBAI_BMC",
    "portal_url": "https://portal.mcgm.gov.in/irj/portal/anonymous/qlgrievance",
    "reasoning": "The address is located within the city limits of Mumbai, which is a major city. Therefore, the appropriate portal for filing a road complaint is the Municipal Corporation of Greater Mumbai (BMC)."
  }
}

--- Testing with Manual Address ---
[Cognitive Dispatcher] Processing routing request: lat=None lng=None state='Maharashtra' city='Mumbai' address='Andheri West, SV Road'
[Location Service] Using Geocoding Verification...
[Bedrock Nova Pro] Determining portal for: {'Address': 'S V Road, Amboli-Navneeth Clny-Fish Market, Andheri West, Mumbai 400053, India', 'City': 'Mumbai', 'District': 'Andheri West', 'State': 'Maharashtra', 'PostalCode': '400053', 'Country': 'India'}
Status Code: 200
Response Body:
{
  "structured_address": {
    "Address": "S V Road, Amboli-Navneeth Clny-Fish Market, Andheri West, Mumbai 400053, India",
    "City": "Mumbai",
    "District": "Andheri West",
    "State": "Maharashtra",
    "PostalCode": "400053",
    "Country": "India"
  },
  "routing": {
    "portal_name": "MUMBAI_BMC",
    "portal_url": "https://portal.mcgm.gov.in/irj/portal/anonymous/qlgrievance",
    "reasoning": "The location is within the city limits of Mumbai, specifically in Andheri West, which is a part of Mumbai. Since it is not a highway, the appropriate portal is the Municipal Corporation of Greater Mumbai (BMC)."
  }
}

--- Testing with Insufficient Data ---
[Cognitive Dispatcher] Processing routing request: lat=None lng=None state=None city=None address=None
Status Code: 200
Response Body:
{
  "error": "Insufficient location data provided."
}

--- Testing with Partial Address ---
[Cognitive Dispatcher] Processing routing request: lat=None lng=None state=None city='Pune' address=None
[Bedrock Nova Pro] Determining portal for: Pune
Status Code: 200
Response Body:
{
  "structured_address": null,
  "routing": {
    "portal_name": "PUNE_PMC",
    "portal_url": "https://service.punecorporation.org/",
    "reasoning": "The location is Pune, which is a major city. Therefore, the appropriate portal for filing a road complaint is the Municipal Corporation of Pune (PUNE_PMC)."
  }
}

Tests completed.
